// Jest Snapshot v1, https://goo.gl/fbAQLP

exports[`FkLegend renders & matches snapshot 1`] = `
<div>
  <div
    className="fk-legend"
  >
    <canvas
      className="fk-legend__canvas"
    />
    <div
      className="fk-legend-labels"
    >
      <div
        className="fk-legend-labels__analyst"
      >
        Measured
      </div>
      <div
        className="fk-legend-labels__peak"
      >
        Peak
      </div>
      <div
        className="fk-legend-labels__predicted"
      >
        Predicted
      </div>
    </div>
  </div>
</div>
`;
