// Jest Snapshot v1, https://goo.gl/fbAQLP

exports[`state reducer reducer should reset the app 1`] = `
{
  "analyst": {
    "actionTargets": {
      "actionType": null,
      "eventIds": [],
      "signalDetectionIds": [],
    },
    "alignWaveformsOn": "Time",
    "channelFilters": {},
    "currentPhase": "",
    "defaultSignalDetectionPhase": "P",
    "effectiveNowTime": 0.25,
    "eventListOpenEventTriggered": false,
    "fileId": {
      "fileHandle": null,
      "workflowUniqueId": "",
    },
    "hotkeyCycleOverrides": {},
    "location": {
      "selectedLocationSolutionId": "",
      "selectedLocationSolutionSetId": "",
      "selectedPreferredLocationSolutionId": "",
      "selectedPreferredLocationSolutionSetId": "",
    },
    "mapOpenEventTriggered": false,
    "measurementMode": {
      "entries": {},
      "mode": "Default",
    },
    "openEventId": "",
    "phaseSelectorFavorites": {},
    "phaseSelectorPhaseList": "",
    "phaseToAlignOn": "P",
    "requestTracker": {
      "completedRequests": 0,
      "initiatedRequests": 0,
      "lastRequestId": "",
      "requests": {},
    },
    "selectedEventIds": [],
    "selectedFilterIndex": -1,
    "selectedFilterList": "",
    "selectedSdIds": [],
    "selectedSortType": "Station: A-Z",
    "selectedWaveforms": [],
  },
  "common": {
    "commandPaletteIsVisible": false,
    "glLayoutState": {},
    "keyPressActionQueue": {},
    "keyboardShortcutsVisibility": false,
    "selectedStationIds": [],
    "uniqueComponent": {},
    "userPreferencesVisibility": false,
  },
  "events": {
    "displayedEventsConfiguration": {
      "edgeEventsAfterInterval": true,
      "edgeEventsBeforeInterval": true,
      "eventsCompleted": true,
      "eventsConflict": true,
      "eventsDeleted": false,
      "eventsRejected": false,
      "eventsRemaining": true,
    },
    "eventsColumns": {
      "activeAnalysts": true,
      "confidenceSemiMajorAxis": true,
      "confidenceSemiMajorTrend": true,
      "confidenceSemiMinorAxis": true,
      "conflict": true,
      "coverageSemiMajorAxis": true,
      "coverageSemiMajorTrend": true,
      "coverageSemiMinorAxis": true,
      "deleted": true,
      "depthKm": true,
      "depthUncertainty": true,
      "latitudeDegrees": true,
      "longitudeDegrees": true,
      "magnitudeMb": true,
      "magnitudeMl": true,
      "magnitudeMs": true,
      "numberAssociated": true,
      "numberDefining": true,
      "observationsStandardDeviation": true,
      "preferred": true,
      "region": true,
      "rejected": true,
      "status": true,
      "time": true,
      "timeUncertainty": true,
      "unsavedChanges": true,
    },
  },
  "fks": {
    "currentFkThumbnailFilter": "Key Activity Phases",
    "displayedSDMeasuredValues": undefined,
    "displayedSignalDetectionId": "",
    "fkChannelFilters": {},
    "fkPlotsExpandToolbar": true,
    "sdIdsToShowFk": [],
  },
  "map": {
    "coordinates": null,
    "isSyncedWithWaveformZoom": false,
    "layerVisibility": {
      "associatedCompleteDetection": true,
      "associatedOpenDetection": true,
      "associatedOtherDetection": true,
      "confidenceEllipse": true,
      "coverageEllipse": true,
      "deletedDetection": false,
      "edgeDetectionAfter": true,
      "edgeDetectionBefore": true,
      "edgeEventsAfterInterval": true,
      "edgeEventsBeforeInterval": true,
      "events": true,
      "eventsDeleted": false,
      "eventsRejected": false,
      "nonPreferredLocationSolution": false,
      "preferredLocationSolution": true,
      "signalDetections": true,
      "sites": false,
      "stations": true,
      "unassociatedDetection": true,
    },
  },
  "signalDetections": {
    "displayedSignalDetectionConfiguration": {
      "signalDetectionAfterInterval": true,
      "signalDetectionAssociatedToCompletedEvent": true,
      "signalDetectionAssociatedToOpenEvent": true,
      "signalDetectionAssociatedToOtherEvent": true,
      "signalDetectionBeforeInterval": true,
      "signalDetectionConflicts": true,
      "signalDetectionDeleted": false,
      "signalDetectionUnassociated": true,
      "syncWaveform": false,
    },
    "signalDetectionsColumns": {
      "amplitude": true,
      "assocStatus": true,
      "azimuth": true,
      "azimuthStandardDeviation": true,
      "channel": true,
      "conflict": true,
      "deleted": true,
      "emergenceAngle": false,
      "longPeriodFirstMotion": false,
      "period": true,
      "phase": true,
      "phaseConfidence": false,
      "rectilinearity": false,
      "sNR": true,
      "shortPeriodFirstMotion": false,
      "slowness": true,
      "slownessStandardDeviation": true,
      "station": true,
      "time": true,
      "timeStandardDeviation": true,
      "unsavedChanges": true,
    },
  },
  "stationPropertiesConfiguration": {
    "channelConfigurationColumns": {
      "calibrationEffectiveAt": true,
      "calibrationFactor": true,
      "calibrationPeriod": true,
      "calibrationResponseId": true,
      "calibrationStandardDeviation": true,
      "calibrationTimeShift": true,
      "channelBandType": false,
      "channelDataType": false,
      "channelInstrumentType": false,
      "channelOrientationCode": false,
      "channelOrientationType": false,
      "depthKm": true,
      "description": true,
      "eastDisplacementKm": true,
      "effectiveAt": true,
      "effectiveUntil": true,
      "elevationKm": true,
      "fapResponseId": true,
      "latitudeDegrees": true,
      "longitudeDegrees": true,
      "name": true,
      "nominalSampleRateHz": true,
      "northDisplacementKm": true,
      "orientationHorizontalDegrees": true,
      "orientationVerticalDegrees": true,
      "units": true,
      "verticalDisplacementKm": true,
    },
    "channelGroupConfigurationColumns": {
      "depthKm": true,
      "description": true,
      "effectiveAt": true,
      "effectiveUntil": true,
      "elevationKm": true,
      "latitudeDegrees": true,
      "longitudeDegrees": true,
      "name": true,
      "type": true,
    },
    "selectedEffectiveAtIndex": 0,
  },
  "userSession": {
    "authenticationStatus": {
      "authenticated": false,
      "authenticationCheckComplete": false,
      "failedToConnect": false,
      "userName": "",
    },
    "connected": true,
  },
  "waveform": {
    "baseStationTime": undefined,
    "channelFilters": {},
    "channelHeight": -1,
    "currentStationGroupStationNames": [],
    "displayedSignalDetectionConfiguration": {
      "signalDetectionAfterInterval": true,
      "signalDetectionAssociatedToCompletedEvent": true,
      "signalDetectionAssociatedToOpenEvent": true,
      "signalDetectionAssociatedToOtherEvent": true,
      "signalDetectionBeforeInterval": true,
      "signalDetectionConflicts": true,
      "signalDetectionDeleted": false,
      "signalDetectionUnassociated": true,
    },
    "loadingState": {
      "completed": 0,
      "description": "Loading waveforms",
      "isLoading": false,
      "percent": 0,
      "total": 0,
    },
    "maskVisibility": {},
    "maximumOffset": 0,
    "minimumOffset": 0,
    "shouldShowPredictedPhases": true,
    "shouldShowTimeUncertainty": false,
    "splitStation": {
      "activeSplitModeType": undefined,
      "phase": "",
      "stationId": "",
      "timeSecs": -1,
    },
    "stationsVisibility": {},
    "viewableInterval": {
      "endTimeSecs": null,
      "startTimeSecs": null,
    },
    "viewportVisibleStations": [],
    "zoomInterval": {
      "endTimeSecs": null,
      "startTimeSecs": null,
    },
  },
  "workflow": {
    "analysisMode": null,
    "openActivityNames": [],
    "openIntervalName": "",
    "stationGroup": {
      "description": "",
      "effectiveAt": -1,
      "name": "",
    },
    "timeRange": {
      "endTimeSecs": null,
      "startTimeSecs": null,
    },
  },
}
`;
