// Jest Snapshot v1, https://goo.gl/fbAQLP

exports[`Ian map utils applyEventMultiSelectionLogic 1`] = `undefined`;

exports[`Ian map utils applyEventMultiSelectionLogic 2`] = `undefined`;

exports[`Ian map utils applyEventMultiSelectionLogic 3`] = `undefined`;

exports[`Ian map utils applyEventMultiSelectionLogic 4`] = `undefined`;

exports[`Ian map utils applySdMultiSelectionLogic 1`] = `undefined`;

exports[`Ian map utils applySdMultiSelectionLogic 2`] = `undefined`;

exports[`Ian map utils applySdMultiSelectionLogic 3`] = `undefined`;

exports[`Ian map utils applySdMultiSelectionLogic 4`] = `undefined`;

exports[`Ian map utils applyStationMultiSelectionLogic 1`] = `undefined`;

exports[`Ian map utils applyStationMultiSelectionLogic 2`] = `undefined`;

exports[`Ian map utils applyStationMultiSelectionLogic 3`] = `undefined`;

exports[`Ian map utils applyStationMultiSelectionLogic 4`] = `undefined`;

exports[`Ian map utils builds a map event correctly 1`] = `
{
  "activeAnalysts": [
    "preferredAnalyst",
  ],
  "confidenceSemiMajorAxis": undefined,
  "confidenceSemiMajorTrend": undefined,
  "confidenceSemiMinorAxis": undefined,
  "conflict": false,
  "coverageSemiMajorAxis": undefined,
  "coverageSemiMajorTrend": undefined,
  "coverageSemiMinorAxis": undefined,
  "deleted": false,
  "depthKm": {
    "uncertainty": null,
    "value": 3.3,
  },
  "eventFilterOptions": [
    "After",
  ],
  "geoOverlappingEvents": undefined,
  "id": "eventID",
  "isActionTarget": false,
  "isOpen": false,
  "isUnqualifiedActionTarget": false,
  "latitudeDegrees": 1.1,
  "longitudeDegrees": 2.2,
  "magnitudeMb": 1.2,
  "magnitudeMl": undefined,
  "magnitudeMs": undefined,
  "numberAssociated": 1,
  "numberDefining": 0,
  "observationsStandardDeviation": undefined,
  "preferred": true,
  "region": "TBD",
  "rejected": false,
  "status": "IN_PROGRESS",
  "time": {
    "uncertainty": null,
    "value": 3600,
  },
  "unsavedChanges": false,
}
`;

exports[`Ian map utils sdOnMouseEnterHandler should match snapshot 1`] = `undefined`;

exports[`Ian map utils sdOnMouseLeaveHandler should match snapshot 1`] = `undefined`;

exports[`Ian map utils selectEntitiesInBox match snapshot 1`] = `[]`;
