// Jest Snapshot v1, https://goo.gl/fbAQLP

exports[`map data source sdOnMouseEnterHandler 1`] = `undefined`;

exports[`map data source sdOnMouseLeaveHandler 1`] = `undefined`;
