// Jest Snapshot v1, https://goo.gl/fbAQLP

exports[`useRotate2dForStations can be called given stations and a phase 1`] = `
{
  "allRawChannels": [
    {
      "canonicalName": "AKASG.AKBB.BHE",
      "channelBandType": "HIGH_BROADBAND",
      "channelDataType": "SEISMIC",
      "channelInstrumentType": "HIGH_GAIN_SEISMOMETER",
      "channelOrientationCode": "E",
      "channelOrientationType": "EAST_WEST",
      "configuredInputs": [],
      "description": "Raw Channel created from ReferenceChannel 55ec5a5c-0280-3d57-9128-87dce456e38b with version 2b8715d3-f39b-3a36-adff-6ec262f565d1",
      "effectiveAt": 1636503404,
      "effectiveUntil": 1660701599.984,
      "location": {
        "depthKm": 0.035,
        "elevationKm": 0.16,
        "latitudeDegrees": 50.7012,
        "longitudeDegrees": 29.2242,
      },
      "name": "AKASG.AKBB.BHE",
      "nominalSampleRateHz": 100,
      "orientationAngles": {
        "horizontalAngleDeg": 90,
        "verticalAngleDeg": 90,
      },
      "processingDefinition": {},
      "processingMetadata": {
        "CHANNEL_GROUP": "AKBB",
      },
      "station": {
        "name": "AKASG",
      },
      "units": "NANOMETERS_PER_COUNT",
    },
    {
      "canonicalName": "AKASG.AKASG.BHN",
      "channelBandType": "HIGH_BROADBAND",
      "channelDataType": "SEISMIC",
      "channelInstrumentType": "HIGH_GAIN_SEISMOMETER",
      "channelOrientationCode": "N",
      "channelOrientationType": "NORTH_SOUTH",
      "configuredInputs": [],
      "description": "Raw Channel created from ReferenceChannel 8bd585b9-7795-3d62-965f-bb0e9b965b65 with version 39f21caf-a86a-3c24-94c0-994c9b89b98a",
      "effectiveAt": 1636503404,
      "effectiveUntil": 1660701599.984,
      "location": {
        "depthKm": 0.035,
        "elevationKm": 0.16,
        "latitudeDegrees": 50.7012,
        "longitudeDegrees": 29.2242,
      },
      "name": "AKASG.AKASG.BHN",
      "nominalSampleRateHz": 40,
      "orientationAngles": {
        "horizontalAngleDeg": 0,
        "verticalAngleDeg": 90,
      },
      "processingDefinition": {},
      "processingMetadata": {
        "CHANNEL_GROUP": "AKBB",
      },
      "station": {
        "name": "AKASG",
      },
      "units": "NANOMETERS_PER_COUNT",
    },
    {
      "canonicalName": "AKASG.AKASG.BHZ",
      "channelBandType": "HIGH_BROADBAND",
      "channelDataType": "SEISMIC",
      "channelInstrumentType": "HIGH_GAIN_SEISMOMETER",
      "channelOrientationCode": "Z",
      "channelOrientationType": "VERTICAL",
      "configuredInputs": [],
      "description": "Raw Channel created from ReferenceChannel fa098cdc-0f58-30bd-88fa-faadaf40b671 with version 4a7ac51e-d21d-3443-883a-f1f444f08d16",
      "effectiveAt": 1636503404,
      "effectiveUntil": 1660701599.984,
      "location": {
        "depthKm": 0.035,
        "elevationKm": 0.16,
        "latitudeDegrees": 50.7012,
        "longitudeDegrees": 29.2242,
      },
      "name": "AKASG.AKASG.BHZ",
      "nominalSampleRateHz": 40,
      "orientationAngles": {
        "horizontalAngleDeg": -1,
        "verticalAngleDeg": 0,
      },
      "processingDefinition": {},
      "processingMetadata": {
        "CHANNEL_GROUP": "AKBB",
      },
      "station": {
        "name": "AKASG",
      },
      "units": "NANOMETERS_PER_COUNT",
    },
  ],
  "channelGroups": [
    {
      "channels": [
        {
          "canonicalName": "AKASG.AKBB.BHE",
          "channelBandType": "HIGH_BROADBAND",
          "channelDataType": "SEISMIC",
          "channelInstrumentType": "HIGH_GAIN_SEISMOMETER",
          "channelOrientationCode": "E",
          "channelOrientationType": "EAST_WEST",
          "configuredInputs": [],
          "description": "Raw Channel created from ReferenceChannel 55ec5a5c-0280-3d57-9128-87dce456e38b with version 2b8715d3-f39b-3a36-adff-6ec262f565d1",
          "effectiveAt": 1636503404,
          "effectiveUntil": 1660701599.984,
          "location": {
            "depthKm": 0.035,
            "elevationKm": 0.16,
            "latitudeDegrees": 50.7012,
            "longitudeDegrees": 29.2242,
          },
          "name": "AKASG.AKBB.BHE",
          "nominalSampleRateHz": 100,
          "orientationAngles": {
            "horizontalAngleDeg": 90,
            "verticalAngleDeg": 90,
          },
          "processingDefinition": {},
          "processingMetadata": {
            "CHANNEL_GROUP": "AKBB",
          },
          "station": {
            "name": "AKASG",
          },
          "units": "NANOMETERS_PER_COUNT",
        },
        {
          "canonicalName": "AKASG.AKASG.BHN",
          "channelBandType": "HIGH_BROADBAND",
          "channelDataType": "SEISMIC",
          "channelInstrumentType": "HIGH_GAIN_SEISMOMETER",
          "channelOrientationCode": "N",
          "channelOrientationType": "NORTH_SOUTH",
          "configuredInputs": [],
          "description": "Raw Channel created from ReferenceChannel 8bd585b9-7795-3d62-965f-bb0e9b965b65 with version 39f21caf-a86a-3c24-94c0-994c9b89b98a",
          "effectiveAt": 1636503404,
          "effectiveUntil": 1660701599.984,
          "location": {
            "depthKm": 0.035,
            "elevationKm": 0.16,
            "latitudeDegrees": 50.7012,
            "longitudeDegrees": 29.2242,
          },
          "name": "AKASG.AKASG.BHN",
          "nominalSampleRateHz": 40,
          "orientationAngles": {
            "horizontalAngleDeg": 0,
            "verticalAngleDeg": 90,
          },
          "processingDefinition": {},
          "processingMetadata": {
            "CHANNEL_GROUP": "AKBB",
          },
          "station": {
            "name": "AKASG",
          },
          "units": "NANOMETERS_PER_COUNT",
        },
        {
          "canonicalName": "AKASG.AKASG.BHZ",
          "channelBandType": "HIGH_BROADBAND",
          "channelDataType": "SEISMIC",
          "channelInstrumentType": "HIGH_GAIN_SEISMOMETER",
          "channelOrientationCode": "Z",
          "channelOrientationType": "VERTICAL",
          "configuredInputs": [],
          "description": "Raw Channel created from ReferenceChannel fa098cdc-0f58-30bd-88fa-faadaf40b671 with version 4a7ac51e-d21d-3443-883a-f1f444f08d16",
          "effectiveAt": 1636503404,
          "effectiveUntil": 1660701599.984,
          "location": {
            "depthKm": 0.035,
            "elevationKm": 0.16,
            "latitudeDegrees": 50.7012,
            "longitudeDegrees": 29.2242,
          },
          "name": "AKASG.AKASG.BHZ",
          "nominalSampleRateHz": 40,
          "orientationAngles": {
            "horizontalAngleDeg": -1,
            "verticalAngleDeg": 0,
          },
          "processingDefinition": {},
          "processingMetadata": {
            "CHANNEL_GROUP": "AKBB",
          },
          "station": {
            "name": "AKASG",
          },
          "units": "NANOMETERS_PER_COUNT",
        },
      ],
      "description": "MALIN_ARRAY,_Ukraine",
      "effectiveAt": 1636503404,
      "effectiveUntil": 1660701599.984,
      "location": {
        "depthKm": 0.037,
        "elevationKm": 0.16,
        "latitudeDegrees": 50.6911,
        "longitudeDegrees": 29.2131,
      },
      "name": "AKASG",
      "type": "SITE_GROUP",
    },
  ],
  "description": "AKASG,_Tajikistan",
  "effectiveAt": 1636503404,
  "effectiveUntil": 1660701599.984,
  "location": {
    "depthKm": 0,
    "elevationKm": 2.312,
    "latitudeDegrees": 37.53,
    "longitudeDegrees": 71.66,
  },
  "name": "AKASG",
  "relativePositionsByChannel": {
    "AKASG.AKASG.HHE": {
      "eastDisplacementKm": 0,
      "northDisplacementKm": 0,
      "verticalDisplacementKm": 0,
    },
    "AKASG.AKASG.HHN": {
      "eastDisplacementKm": 0,
      "northDisplacementKm": 0,
      "verticalDisplacementKm": 0,
    },
    "AKASG.AKASG.HHZ": {
      "eastDisplacementKm": 0,
      "northDisplacementKm": 0,
      "verticalDisplacementKm": 0,
    },
  },
  "type": "SEISMIC_3_COMPONENT",
}
`;
