// Jest Snapshot v1, https://goo.gl/fbAQLP

exports[`station-properties-panel matches snapshot 1`] = `
<div>
  <div
    class="toolbar"
    style="width: 84px;"
  >
    <div
      class="toolbar__left-group"
    >
      <div
        class="toolbar-item toolbar-item__left"
      >
        <div>
          <div
            class="dropdown-container"
          >
            <span
              class="dropdown-label"
            >
              Effective At: 
            </span>
            <span
              class="dropdown-selector"
              data-cy="effective-at-dropdown"
            >
              <div
                class="bp5-html-select"
              >
                <select
                  style="min-width: 220px; width: 220px;"
                  title="Select effective time to display"
                >
                  <option
                    value="1970-01-01T00:00:00.000Z"
                  >
                    1970-01-01 00:00:00.000
                  </option>
                  <option
                    value="1970-01-01T00:00:00.000Z"
                  >
                    1970-01-01 00:00:00.000
                  </option>
                </select>
                <span
                  class="bp5-icon bp5-icon-double-caret-vertical"
                >
                  <svg
                    data-icon="double-caret-vertical"
                    height="16"
                    role="img"
                    viewBox="0 0 16 16"
                    width="16"
                  >
                    <title>
                      Open dropdown
                    </title>
                    <path
                      d="M100 180H220C231 180 240 189 240 200C240 205.6 237.8 210.6 234.2 214.2L174.2 274.2C170.6 277.8 165.6 280 160 280S149.4 277.8 145.8 274.2L85.8 214.2C82.2 210.6 80 205.6 80 200C80 189 89 180 100 180zM220 140H100C89 140 80 131 80 120C80 114.4 82.2 109.4 85.8 105.8L145.8 45.8C149.4 42.2 154.4 40 160 40S170.6 42.2 174.2 45.8L234.2 105.8C237.8 109.4 240 114.4 240 120C240 131 231 140 220 140z"
                      fill-rule="evenodd"
                      transform="scale(0.05, -0.05) translate(-160, -160)"
                      transform-origin="center"
                    />
                  </svg>
                </span>
              </div>
            </span>
          </div>
        </div>
      </div>
      <div
        class="toolbar-item toolbar-item__left"
      >
        <div>
          <div>
            <button
              class="bp5-button bp5-align-left toolbar-button"
              style="width: 220px;"
              title="Select columns to be shown in the channel group table below"
              type="button"
            >
              <span
                class="bp5-button-text"
              >
                <span>
                  Channel Group Columns
                </span>
                <span
                  aria-hidden="true"
                  class="bp5-icon bp5-icon-standard bp5-icon-caret-down"
                  data-icon="caret-down"
                />
              </span>
            </button>
          </div>
        </div>
      </div>
      <div
        class="toolbar-item toolbar-item__left"
      >
        <div>
          <div>
            <button
              class="bp5-button bp5-align-left toolbar-button"
              style="width: 220px;"
              title="Select columns to be shown in the channel table below"
              type="button"
            >
              <span
                class="bp5-button-text"
              >
                <span>
                  Channel Columns
                </span>
                <span
                  aria-hidden="true"
                  class="bp5-icon bp5-icon-standard bp5-icon-caret-down"
                  data-icon="caret-down"
                />
              </span>
            </button>
          </div>
        </div>
      </div>
    </div>
    <div
      class="toolbar__center-group"
    >
      <div
        class="toolbar__whitespace"
        style="width: 84px;"
      />
    </div>
    <div
      class="toolbar__right-group"
    />
  </div>
  <div
    class="toolbar"
    style="width: 84px;"
  >
    <div
      class="toolbar__left-group"
    >
      <div
        class="toolbar-item toolbar-item__left"
      >
        <div
          class="toolbar-label-value"
        >
          <div
            class="ian-label-value-container"
          >
            <div
              class="ian-label-value__label"
              data-cy="station-label"
            >
              Station: 
            </div>
            <div
              class="ian-label-value__value"
              data-cy="station-value"
              title="Currently selected station"
            >
              name
            </div>
          </div>
        </div>
      </div>
      <div
        class="toolbar-item toolbar-item__left"
      >
        <div
          class="toolbar-label-value"
        >
          <div
            class="ian-label-value-container"
          >
            <div
              class="ian-label-value__label"
              data-cy="lat-label"
            >
              Lat: 
            </div>
            <div
              class="ian-label-value__value"
              data-cy="lat-value"
              title="Station latitude"
            >
              10.000°
            </div>
          </div>
        </div>
      </div>
      <div
        class="toolbar-item toolbar-item__left"
      >
        <div
          class="toolbar-label-value"
        >
          <div
            class="ian-label-value-container"
          >
            <div
              class="ian-label-value__label"
              data-cy="lon-label"
            >
              Lon: 
            </div>
            <div
              class="ian-label-value__value"
              data-cy="lon-value"
              title="Station longitude"
            >
              10.000°
            </div>
          </div>
        </div>
      </div>
      <div
        class="toolbar-item toolbar-item__left"
      >
        <div
          class="toolbar-label-value"
        >
          <div
            class="ian-label-value-container"
          >
            <div
              class="ian-label-value__label"
              data-cy="depth-label"
            >
              Depth: 
            </div>
            <div
              class="ian-label-value__value"
              data-cy="depth-value"
              title="Depth (km)"
            >
              100.000 km
            </div>
          </div>
        </div>
      </div>
      <div
        class="toolbar-item toolbar-item__left"
      >
        <div
          class="toolbar-label-value"
        >
          <div
            class="ian-label-value-container"
          >
            <div
              class="ian-label-value__label"
              data-cy="elev-label"
            >
              Elev: 
            </div>
            <div
              class="ian-label-value__value"
              data-cy="elev-value"
              title="Station elevation"
            >
              100.000 km
            </div>
          </div>
        </div>
      </div>
      <div
        class="toolbar-item toolbar-item__left"
      >
        <div
          class="toolbar-label-value"
        >
          <div
            class="ian-label-value-container"
          >
            <div
              class="ian-label-value__label"
              data-cy="type-label"
            >
              Type: 
            </div>
            <div
              class="ian-label-value__value"
              data-cy="type-value"
              title="Single station or array"
            >
              Single Station
            </div>
          </div>
        </div>
      </div>
      <div
        class="toolbar-item toolbar-item__left"
      >
        <div
          class="toolbar-label-value"
        >
          <div
            class="ian-label-value-container"
          >
            <div
              class="ian-label-value__label"
              data-cy="description-label"
            >
              Description: 
            </div>
            <div
              class="ian-label-value__value"
              data-cy="description-value"
              title="Station description"
            >
              Unknown
            </div>
          </div>
        </div>
      </div>
    </div>
    <div
      class="toolbar__center-group"
    >
      <div
        class="toolbar__whitespace"
        style="width: 84px;"
      />
    </div>
    <div
      class="toolbar__right-group"
    />
  </div>
</div>
`;
