// Jest Snapshot v1, https://goo.gl/fbAQLP

exports[`LabelValueOverflowMenuToolbarItem LabelValueOverflowMenuToolbarItem renders 1`] = `
<div>
  <li
    class=""
    role="none"
  >
    <a
      class="bp5-menu-item bp5-popover-dismiss"
      role="menuitem"
      tabindex="0"
      title="Hello label"
    >
      <div
        class="bp5-text-overflow-ellipsis bp5-fill"
      >
        label:  
      </div>
    </a>
  </li>
</div>
`;

exports[`LabelValueOverflowMenuToolbarItem LabelValueOverflowMenuToolbarItem renders empty due to incorrect type 1`] = `<div />`;
