// Jest Snapshot v1, https://goo.gl/fbAQLP

exports[`Tooltip2Wrapper matches a snapshot 1`] = `
<div
  aria-expanded={false}
  className="core-tooltip bp5-popover-target"
  onBlur={[Function]}
  onContextMenu={[Function]}
  onFocus={[Function]}
  onMouseEnter={[Function]}
  onMouseLeave={[Function]}
>
  <span
    className=""
    tabIndex={0}
  >
    target rendered here
  </span>
</div>
`;
