// Jest Snapshot v1, https://goo.gl/fbAQLP

exports[`SwitchToolbarItem SwitchToolbarItem renders directly 1`] = `
<div>
  <div
    class="toolbar-switch"
    title="Switch tooltip"
  >
    <div
      class="toolbar-switch-label"
    >
      Switch Label:
    </div>
    <label
      class="bp5-control bp5-switch bp5-large toolbar-switch__blueprint switch-label"
    >
      <input
        checked=""
        title="Switch tooltip"
        type="checkbox"
      />
      <span
        class="bp5-control-indicator"
      />
    </label>
  </div>
</div>
`;
