// Jest Snapshot v1, https://goo.gl/fbAQLP

exports[`With Non Ideal States bad props renders for non-ideal state 1`] = `
<div>
  <div
    class="bp5-non-ideal-state bp5-non-ideal-state-vertical"
  >
    <div
      class="bp5-non-ideal-state-text"
    >
      <h4
        class="bp5-heading"
      >
        No Group Data:
      </h4>
      <div>
        Test
      </div>
    </div>
    <div
      aria-label="loading"
      aria-valuemax="100"
      aria-valuemin="0"
      class="bp5-spinner bp5-intent-primary"
      role="progressbar"
    >
      <div
        class="bp5-spinner-animation"
      >
        <svg
          height="50"
          stroke-width="8.00"
          viewBox="1.00 1.00 98.00 98.00"
          width="50"
        >
          <path
            class="bp5-spinner-track"
            d="M 50,50 m 0,-45 a 45,45 0 1 1 0,90 a 45,45 0 1 1 0,-90"
          />
          <path
            class="bp5-spinner-head"
            d="M 50,50 m 0,-45 a 45,45 0 1 1 0,90 a 45,45 0 1 1 0,-90"
            pathLength="280"
            stroke-dasharray="280 280"
            stroke-dashoffset="210"
          />
        </svg>
      </div>
    </div>
  </div>
</div>
`;

exports[`With Non Ideal States bad props renders for test component 1`] = `
<div>
  <div
    class="bp5-card bp5-elevation-0 bp5-interactive"
  >
    <h5
      class="bp5-heading"
    >
      Card heading
    </h5>
    <p>
      Card content
    </p>
  </div>
</div>
`;

exports[`With Non Ideal States renders test component 1`] = `
<div>
  <div
    class="bp5-card bp5-elevation-0 bp5-interactive"
  >
    <h5
      class="bp5-heading"
    >
      Card heading
    </h5>
    <p>
      Card content
    </p>
  </div>
</div>
`;
