// Jest Snapshot v1, https://goo.gl/fbAQLP

exports[`renders a component 1`] = `
<div>
  <div
    class="big-purple-rectangle"
  >
    <span
      style="color: black;"
    >
      This popover displays whatever it wants
    </span>
    <label
      class="bp5-control bp5-switch"
    >
      <input
        type="checkbox"
      />
      <span
        class="bp5-control-indicator"
      />
    </label>
    <span
      style="color: black;"
    >
      Changes made are not sent to the state until the popover is closed [ but you could do it differently ]
    </span>
  </div>
</div>
`;
